stores/authStore.ts(40,73): error TS2769: No overload matches this call.
  Overload 1 of 2, '(values: never, options?: { count?: "exact" | "planned" | "estimated" | undefined; } | undefined): PostgrestFilterBuilder<{ PostgrestVersion: "12"; }, never, never, null, "profiles", never, "POST">', gave the following error.
    Argument of type '{ id: string; display_name: string; avatar_url: null; premium_expires_at: null; }' is not assignable to parameter of type 'never'.
  Overload 2 of 2, '(values: never[], options?: { count?: "exact" | "planned" | "estimated" | undefined; defaultToNull?: boolean | undefined; } | undefined): PostgrestFilterBuilder<{ PostgrestVersion: "12"; }, never, never, null, "profiles", never, "POST">', gave the following error.
    Object literal may only specify known properties, and 'id' does not exist in type 'never[]'.
stores/babyStore.ts(38,25): error TS2339: Property 'babies' does not exist on type 'never'.
stores/babyStore.ts(65,10): error TS2769: No overload matches this call.
  Overload 1 of 2, '(values: never, options?: { count?: "exact" | "planned" | "estimated" | undefined; } | undefined): PostgrestFilterBuilder<{ PostgrestVersion: "12"; }, never, never, null, "babies", never, "POST">', gave the following error.
    Argument of type '{ name: string; birth_date: string; gender: BabyGender; avatar_url: null; created_by: string; }' is not assignable to parameter of type 'never'.
  Overload 2 of 2, '(values: never[], options?: { count?: "exact" | "planned" | "estimated" | undefined; defaultToNull?: boolean | undefined; } | undefined): PostgrestFilterBuilder<{ PostgrestVersion: "12"; }, never, never, null, "babies", never, "POST">', gave the following error.
    Object literal may only specify known properties, and 'name' does not exist in type 'never[]'.
stores/babyStore.ts(77,75): error TS2769: No overload matches this call.
  Overload 1 of 2, '(values: never, options?: { count?: "exact" | "planned" | "estimated" | undefined; } | undefined): PostgrestFilterBuilder<{ PostgrestVersion: "12"; }, never, never, null, "caretakers", never, "POST">', gave the following error.
    Argument of type '{ baby_id: any; profile_id: string; role: string; invite_code: null; invite_expires_at: null; }' is not assignable to parameter of type 'never'.
  Overload 2 of 2, '(values: never[], options?: { count?: "exact" | "planned" | "estimated" | undefined; defaultToNull?: boolean | undefined; } | undefined): PostgrestFilterBuilder<{ PostgrestVersion: "12"; }, never, never, null, "caretakers", never, "POST">', gave the following error.
    Object literal may only specify known properties, and 'baby_id' does not exist in type 'never[]'.
stores/babyStore.ts(78,23): error TS2339: Property 'id' does not exist on type 'never'.
stores/babyStore.ts(96,72): error TS2345: Argument of type '{ baby_id: string; }' is not assignable to parameter of type 'undefined'.
stores/babyStore.ts(102,71): error TS2345: Argument of type '{ code: string; }' is not assignable to parameter of type 'undefined'.
stores/recordStore.ts(81,15): error TS2769: No overload matches this call.
  Overload 1 of 2, '(values: never, options?: { count?: "exact" | "planned" | "estimated" | undefined; } | undefined): PostgrestFilterBuilder<{ PostgrestVersion: "12"; }, never, never, null, "feedings", never, "POST">', gave the following error.
    Argument of type 'FeedingInsert' is not assignable to parameter of type 'never'.
  Overload 2 of 2, '(values: never[], options?: { count?: "exact" | "planned" | "estimated" | undefined; defaultToNull?: boolean | undefined; } | undefined): PostgrestFilterBuilder<{ PostgrestVersion: "12"; }, never, never, null, "feedings", never, "POST">', gave the following error.
    Argument of type 'FeedingInsert' is not assignable to parameter of type 'never[]'.
      Type 'FeedingInsert' is missing the following properties from type 'never[]': length, pop, push, concat, and 35 more.
stores/recordStore.ts(93,15): error TS2769: No overload matches this call.
  Overload 1 of 2, '(values: never, options?: { count?: "exact" | "planned" | "estimated" | undefined; } | undefined): PostgrestFilterBuilder<{ PostgrestVersion: "12"; }, never, never, null, "sleeps", never, "POST">', gave the following error.
    Argument of type 'SleepInsert' is not assignable to parameter of type 'never'.
  Overload 2 of 2, '(values: never[], options?: { count?: "exact" | "planned" | "estimated" | undefined; defaultToNull?: boolean | undefined; } | undefined): PostgrestFilterBuilder<{ PostgrestVersion: "12"; }, never, never, null, "sleeps", never, "POST">', gave the following error.
    Argument of type 'SleepInsert' is not assignable to parameter of type 'never[]'.
      Type 'SleepInsert' is missing the following properties from type 'never[]': length, pop, push, concat, and 35 more.
stores/recordStore.ts(105,15): error TS2769: No overload matches this call.
  Overload 1 of 2, '(values: never, options?: { count?: "exact" | "planned" | "estimated" | undefined; } | undefined): PostgrestFilterBuilder<{ PostgrestVersion: "12"; }, never, never, null, "diapers", never, "POST">', gave the following error.
    Argument of type 'DiaperInsert' is not assignable to parameter of type 'never'.
  Overload 2 of 2, '(values: never[], options?: { count?: "exact" | "planned" | "estimated" | undefined; defaultToNull?: boolean | undefined; } | undefined): PostgrestFilterBuilder<{ PostgrestVersion: "12"; }, never, never, null, "diapers", never, "POST">', gave the following error.
    Argument of type 'DiaperInsert' is not assignable to parameter of type 'never[]'.
      Type 'DiaperInsert' is missing the following properties from type 'never[]': length, pop, push, concat, and 35 more.
